Archive member included to satisfy reference by file (symbol)

/usr/share/crossworks_for_arm_5.1/lib/libc_v6m_t_le_eabi.a(libvfprintf.o)
                              (__vfprintf_float_long_long)
/usr/share/crossworks_for_arm_5.1/lib/libc_v6m_t_le_eabi.a(libvfscanf.o)
                              (__vfscanf_float_long_long_cc)
/usr/share/crossworks_for_arm_5.1/lib/libc_v6m_t_le_eabi.a(libc_asm.o)
                              /usr/share/crossworks_for_arm_5.1/lib/libc_v6m_t_le_eabi.a(libvfprintf.o) (__aeabi_uldivmod)
/usr/share/crossworks_for_arm_5.1/lib/libc_v6m_t_le_eabi.a(libc2.o)
                              /usr/share/crossworks_for_arm_5.1/lib/libc_v6m_t_le_eabi.a(libvfscanf.o) (__getc)
/usr/share/crossworks_for_arm_5.1/lib/libc_v6m_t_le_eabi.a(libc2_asm.o)
                              /usr/share/crossworks_for_arm_5.1/lib/libc_v6m_t_le_eabi.a(libc2.o) (memcpy)
/usr/share/crossworks_for_arm_5.1/lib/libc_v6m_t_le_eabi.a(libc.o)
                              /usr/share/crossworks_for_arm_5.1/lib/libc_v6m_t_le_eabi.a(libc2.o) (__heap_lock)
/usr/share/crossworks_for_arm_5.1/lib/libdebugio_v6m_t_le_eabi.a(libdebugio_asm.o)
                              /usr/share/crossworks_for_arm_5.1/lib/libc_v6m_t_le_eabi.a(libc2.o) (__getchar)
/usr/share/crossworks_for_arm_5.1/lib/libdebugio_v6m_t_le_eabi.a(mempoll_debug_operations.o)
                              (__do_debug_operation_mempoll)
/usr/share/crossworks_for_arm_5.1/lib/libdebugio_v6m_t_le_eabi.a(libdebugio.o)
                              /usr/share/crossworks_for_arm_5.1/lib/libdebugio_v6m_t_le_eabi.a(libdebugio_asm.o) (debug_fopen)
/usr/share/crossworks_for_arm_5.1/lib/libdebugio_v6m_t_le_eabi.a(do_nv_debug_operation.o)
                              /usr/share/crossworks_for_arm_5.1/lib/libdebugio_v6m_t_le_eabi.a(libdebugio.o) (__do_nvdebug_operation)
/usr/share/crossworks_for_arm_5.1/lib/libm_v6m_t_le_eabi.a(libm_asm.o)
                              /usr/share/crossworks_for_arm_5.1/lib/libc_v6m_t_le_eabi.a(libc2.o) (__aeabi_i2f)
/usr/share/crossworks_for_arm_5.1/lib/libm_v6m_t_le_eabi.a(libm2.o)
                              /usr/share/crossworks_for_arm_5.1/lib/libc_v6m_t_le_eabi.a(libvfprintf.o) (frexp)
/usr/share/crossworks_for_arm_5.1/lib/libm_v6m_t_le_eabi.a(libm2_asm.o)
                              /usr/share/crossworks_for_arm_5.1/lib/libm_v6m_t_le_eabi.a(libm2.o) (fabs)

Discarded input sections

 .group         0x00000000        0xc discover_project THUMB Debug/main.o
 .group         0x00000000        0xc discover_project THUMB Debug/main.o
 .group         0x00000000        0xc discover_project THUMB Debug/main.o
 .group         0x00000000        0xc discover_project THUMB Debug/main.o
 .group         0x00000000        0xc discover_project THUMB Debug/main.o
 .group         0x00000000        0xc discover_project THUMB Debug/main.o
 .group         0x00000000        0xc discover_project THUMB Debug/main.o
 .group         0x00000000        0xc discover_project THUMB Debug/main.o
 .text          0x00000000        0x0 discover_project THUMB Debug/main.o
 .data          0x00000000        0x0 discover_project THUMB Debug/main.o
 .bss           0x00000000        0x0 discover_project THUMB Debug/main.o
 .text          0x00000000        0x0 discover_project THUMB Debug/STM32_Startup.o
 .data          0x00000000        0x0 discover_project THUMB Debug/STM32_Startup.o
 .bss           0x00000000        0x0 discover_project THUMB Debug/STM32_Startup.o
 .text          0x00000000        0x0 discover_project THUMB Debug/thumb_crt0.o
 .data          0x00000000        0x0 discover_project THUMB Debug/thumb_crt0.o
 .bss           0x00000000        0x0 discover_project THUMB Debug/thumb_crt0.o
 .text.__aeabi_read_tp
                0x00000000        0x8 discover_project THUMB Debug/thumb_crt0.o
 .text.abort    0x00000000        0x2 discover_project THUMB Debug/thumb_crt0.o
 .text.__assert
                0x00000000        0x2 discover_project THUMB Debug/thumb_crt0.o
 .text.__assert_func
                0x00000000        0x2 discover_project THUMB Debug/thumb_crt0.o
 .text.__aeabi_assert
                0x00000000        0x2 discover_project THUMB Debug/thumb_crt0.o
 .text.__sync_synchronize
                0x00000000        0x2 discover_project THUMB Debug/thumb_crt0.o
 .text.__semihost
                0x00000000        0x4 discover_project THUMB Debug/thumb_crt0.o
 .stack         0x00000000        0x0 discover_project THUMB Debug/thumb_crt0.o
 .stack_process
                0x00000000        0x0 discover_project THUMB Debug/thumb_crt0.o
 .heap          0x00000000        0x0 discover_project THUMB Debug/thumb_crt0.o
 .text          0x00000000        0x0 /usr/share/crossworks_for_arm_5.1/lib/libc_v6m_t_le_eabi.a(libvfprintf.o)
 .data          0x00000000        0x0 /usr/share/crossworks_for_arm_5.1/lib/libc_v6m_t_le_eabi.a(libvfprintf.o)
 .bss           0x00000000        0x0 /usr/share/crossworks_for_arm_5.1/lib/libc_v6m_t_le_eabi.a(libvfprintf.o)
[...]
Memory Configuration

Name             Origin             Length             Attributes
UNPLACED_SECTIONS 0x00000000         0x00000000         xw
FLASH            0x08000000         0x00010000         xr
SYSTEM           0x1fffec00         0x00000c00         xw
OPTION           0x1ffff800         0x00000400         xw
RAM              0x20000000         0x00002000         xw
APB1             0x40000000         0x00008000         xw
APB2             0x40010000         0x00008000         xw
AHB1             0x40020000         0x00004400         xw
AHB2             0x48000000         0x00001800         xw
PPB              0xe0000000         0x00100000         xw
*default*        0x00000000         0xffffffff

Linker script and memory map

                0x08000000                        __FLASH_segment_start__ = 0x8000000
                0x08010000                        __FLASH_segment_end__ = 0x8010000
                0x00010000                        __FLASH_segment_size__ = 0x10000
                0x1fffec00                        __SYSTEM_segment_start__ = 0x1fffec00
                0x1ffff800                        __SYSTEM_segment_end__ = 0x1ffff800
                0x00000c00                        __SYSTEM_segment_size__ = 0xc00
                0x1ffff800                        __OPTION_segment_start__ = 0x1ffff800
                0x1ffffc00                        __OPTION_segment_end__ = 0x1ffffc00
                0x00000400                        __OPTION_segment_size__ = 0x400
                0x20000000                        __RAM_segment_start__ = 0x20000000
                0x20002000                        __RAM_segment_end__ = 0x20002000
                0x00002000                        __RAM_segment_size__ = 0x2000
                0x40000000                        __APB1_segment_start__ = 0x40000000
                0x40008000                        __APB1_segment_end__ = 0x40008000
                0x00008000                        __APB1_segment_size__ = 0x8000
                0x40010000                        __APB2_segment_start__ = 0x40010000
                0x40018000                        __APB2_segment_end__ = 0x40018000
                0x00008000                        __APB2_segment_size__ = 0x8000
                0x40020000                        __AHB1_segment_start__ = 0x40020000
                0x40024400                        __AHB1_segment_end__ = 0x40024400
                0x00004400                        __AHB1_segment_size__ = 0x4400
                0x48000000                        __AHB2_segment_start__ = 0x48000000
                0x48001800                        __AHB2_segment_end__ = 0x48001800
                0x00001800                        __AHB2_segment_size__ = 0x1800
                0xe0000000                        __PPB_segment_start__ = 0xe0000000
                0xe0100000                        __PPB_segment_end__ = 0xe0100000
                0x00100000                        __PPB_segment_size__ = 0x100000
                0x00000080                        __HEAPSIZE__ = 0x80
                0x00000000                        __STACKSIZE_ABT__ = 0x0
                0x00000000                        __STACKSIZE_FIQ__ = 0x0
                0x00000000                        __STACKSIZE_IRQ__ = 0x0
                0x00000000                        __STACKSIZE_PROCESS__ = 0x0
                0x00000000                        __STACKSIZE_SVC__ = 0x0
                0x00000000                        __STACKSIZE_UND__ = 0x0
                0x00000100                        __STACKSIZE__ = 0x100
                0x00000000                        __do_debug_operation = __do_debug_operation_mempoll
                0x00000000                        __vfprintf = __vfprintf_float_long_long
                0x00000000                        __vfscanf = __vfscanf_float_long_long_cc
                0x20000000                        __vectors_ram_load_start__ = ALIGN (__RAM_segment_start__, 0x100)

.vectors_ram    0x20000000        0x0
                0x20000000                        __vectors_ram_start__ = .
 *(.vectors_ram .vectors_ram.*)
                0x20000000                        __vectors_ram_end__ = (__vectors_ram_start__ + SIZEOF (.vectors_ram))
                0x00000000                        __vectors_ram_size__ = SIZEOF (.vectors_ram)
                0x20000000                        __vectors_ram_load_end__ = __vectors_ram_end__
                0x00000001                        . = ASSERT (((__vectors_ram_start__ == __vectors_ram_end__) || ((__vectors_ram_end__ - __RAM_segment_start__) <= __RAM_segment_size__)), error: .vectors_ram is too large to fit in RAM memory segment)
                0x08000000                        __vectors_load_start__ = ALIGN (__FLASH_segment_start__, 0x100)

.vectors        0x08000000       0xb4
                0x08000000                        __vectors_start__ = .
 *(.vectors .vectors.*)
 .vectors       0x08000000       0xb4 discover_project THUMB Debug/STM32_Startup.o
                0x08000000                _vectors
                0x08000000                g_pfnVectors
                0x080000b4                        __vectors_end__ = (__vectors_start__ + SIZEOF (.vectors))
                0x000000b4                        __vectors_size__ = SIZEOF (.vectors)
                0x080000b4                        __vectors_load_end__ = __vectors_end__
                0x00000001                        . = ASSERT (((__vectors_start__ == __vectors_end__) || ((__vectors_end__ - __FLASH_segment_start__) <= __FLASH_segment_size__)), error: .vectors is too large to fit in FLASH memory segment)
                0x080000b4                        __init_load_start__ = ALIGN (__vectors_end__, 0x4)

.init           0x080000b4      0x1c8
                0x080000b4                        __init_start__ = .
 *(.init .init.*)
 .init          0x080000b4       0x58 discover_project THUMB Debug/STM32_Startup.o
                0x080000b4                NMI_Handler
                0x080000b6                HardFault_Handler
                0x080000b8                MemManage_Handler
                0x080000ba                BusFault_Handler
                0x080000bc                UsageFault_Handler
                0x080000be                SVC_Handler
                0x080000c0                DebugMon_Handler
                0x080000c2                PendSV_Handler
                0x080000c4                SysTick_Handler
                0x080000c6                WWDG_IRQHandler
                0x080000c8                RTC_IRQHandler
                0x080000ca                FLASH_IRQHandler
                0x080000cc                RCC_IRQHandler
                0x080000ce                EXTI0_1_IRQHandler
                0x080000d0                EXTI2_3_IRQHandler
                0x080000d2                EXTI4_15_IRQHandler
                0x080000d4                DMA1_Channel1_IRQHandler
                0x080000d6                DMA1_Channel2_3_IRQHandler
                0x080000d8                DMA1_Channel4_5_IRQHandler
                0x080000da                ADC1_IRQHandler
                0x080000dc                TIM1_BRK_UP_TRG_COM_IRQHandler
                0x080000de                TIM1_CC_IRQHandler
                0x080000e0                TIM3_IRQHandler
                0x080000e2                TIM6_IRQHandler
                0x080000e4                TIM14_IRQHandler
                0x080000e6                TIM15_IRQHandler
                0x080000e8                TIM16_IRQHandler
                0x080000ea                TIM17_IRQHandler
                0x080000ec                I2C1_IRQHandler
                0x080000ee                I2C2_IRQHandler
                0x080000f0                SPI1_IRQHandler
                0x080000f2                SPI2_IRQHandler
                0x080000f4                USART1_IRQHandler
                0x080000f6                USART2_IRQHandler
                0x080000f8                reset_handler
                0x08000102                SystemInit
 .init          0x0800010c      0x170 discover_project THUMB Debug/thumb_crt0.o
                0x0800010c                _start
                0x080001bc                _Exit
                0x080001bc                exit
                0x0800027c                        __init_end__ = (__init_start__ + SIZEOF (.init))
                0x000001c8                        __init_size__ = SIZEOF (.init)
                0x0800027c                        __init_load_end__ = __init_end__
                0x00000001                        . = ASSERT (((__init_start__ == __init_end__) || ((__init_end__ - __FLASH_segment_start__) <= __FLASH_segment_size__)), error: .init is too large to fit in FLASH memory segment)
                0x0800027c                        __init_rodata_load_start__ = ALIGN (__init_end__, 0x4)

.init_rodata    0x0800027c        0x0
                0x0800027c                        __init_rodata_start__ = .
 *(.init_rodata .init_rodata.*)
                0x0800027c                        __init_rodata_end__ = (__init_rodata_start__ + SIZEOF (.init_rodata))
                0x00000000                        __init_rodata_size__ = SIZEOF (.init_rodata)
                0x0800027c                        __init_rodata_load_end__ = __init_rodata_end__
                0x00000001                        . = ASSERT (((__init_rodata_start__ == __init_rodata_end__) || ((__init_rodata_end__ - __FLASH_segment_start__) <= __FLASH_segment_size__)), error: .init_rodata is too large to fit in FLASH memory segment)
                0x0800027c                        __text_load_start__ = ALIGN (__init_rodata_end__, 0x4)

.text           0x0800027c       0x94
                0x0800027c                        __text_start__ = .
 *(.text .text.* .gnu.linkonce.t.* .glue_7t .glue_7 .gcc_except_table .ARM.extab* .gnu.linkonce.armextab.*)
 .glue_7        0x0800027c        0x0 linker stubs
 .glue_7t       0x0800027c        0x0 linker stubs
 .text.main     0x0800027c       0x7c discover_project THUMB Debug/main.o
                0x0800027c                main
 .text.delay    0x080002f8       0x18 discover_project THUMB Debug/main.o
                0x080002f8                delay
                0x08000310                        __text_end__ = (__text_start__ + SIZEOF (.text))
                0x00000094                        __text_size__ = SIZEOF (.text)
                0x08000310                        __text_load_end__ = __text_end__

.vfp11_veneer   0x00000000        0x0
 .vfp11_veneer  0x00000000        0x0 linker stubs

.v4_bx          0x00000000        0x0
 .v4_bx         0x00000000        0x0 linker stubs

.iplt           0x00000000        0x0
 .iplt          0x00000000        0x0 discover_project THUMB Debug/main.o

.rel.dyn        0x08000000        0x0
 .rel.iplt      0x08000000        0x0 discover_project THUMB Debug/main.o
                0x00000001                        . = ASSERT (((__text_start__ == __text_end__) || ((__text_end__ - __FLASH_segment_start__) <= __FLASH_segment_size__)), error: .text is too large to fit in FLASH memory segment)
                0x08000310                        __dtors_load_start__ = ALIGN (__text_end__, 0x4)

.dtors          0x08000310        0x0
                0x08000310                        __dtors_start__ = .
 *(SORT_BY_NAME(.dtors.*))
 *(.dtors)
 *(.fini_array)
 *(SORT_BY_NAME(.fini_array.*))
                0x08000310                        __dtors_end__ = (__dtors_start__ + SIZEOF (.dtors))
                0x00000000                        __dtors_size__ = SIZEOF (.dtors)
                0x08000310                        __dtors_load_end__ = __dtors_end__
                0x00000001                        . = ASSERT (((__dtors_start__ == __dtors_end__) || ((__dtors_end__ - __FLASH_segment_start__) <= __FLASH_segment_size__)), error: .dtors is too large to fit in FLASH memory segment)
                0x08000310                        __ctors_load_start__ = ALIGN (__dtors_end__, 0x4)

.ctors          0x08000310        0x0
                0x08000310                        __ctors_start__ = .
 *(SORT_BY_NAME(.ctors.*))
 *(.ctors)
 *(.init_array)
 *(SORT_BY_NAME(.init_array.*))
                0x08000310                        __ctors_end__ = (__ctors_start__ + SIZEOF (.ctors))
                0x00000000                        __ctors_size__ = SIZEOF (.ctors)
                0x08000310                        __ctors_load_end__ = __ctors_end__
                0x00000001                        . = ASSERT (((__ctors_start__ == __ctors_end__) || ((__ctors_end__ - __FLASH_segment_start__) <= __FLASH_segment_size__)), error: .ctors is too large to fit in FLASH memory segment)
                0x08000310                        __rodata_load_start__ = ALIGN (__ctors_end__, 0x4)

.rodata         0x08000310        0x0
                0x08000310                        __rodata_start__ = .
 *(.rodata .rodata.* .gnu.linkonce.r.* .data.rel.ro .data.rel.ro.*)
                0x08000310                        __rodata_end__ = (__rodata_start__ + SIZEOF (.rodata))
                0x00000000                        __rodata_size__ = SIZEOF (.rodata)
                0x08000310                        __rodata_load_end__ = __rodata_end__
                0x00000001                        . = ASSERT (((__rodata_start__ == __rodata_end__) || ((__rodata_end__ - __FLASH_segment_start__) <= __FLASH_segment_size__)), error: .rodata is too large to fit in FLASH memory segment)
                0x08000310                        __ARM.exidx_load_start__ = ALIGN (__rodata_end__, 0x4)

.ARM.exidx      0x08000310        0x0
                0x08000310                        __ARM.exidx_start__ = .
                0x08000310                        __exidx_start = __ARM.exidx_start__
 *(.ARM.exidx .ARM.exidx.*)
                0x08000310                        __ARM.exidx_end__ = (__ARM.exidx_start__ + SIZEOF (.ARM.exidx))
                0x00000000                        __ARM.exidx_size__ = SIZEOF (.ARM.exidx)
                0x08000310                        __exidx_end = __ARM.exidx_end__
                0x08000310                        __ARM.exidx_load_end__ = __ARM.exidx_end__
                0x00000001                        . = ASSERT (((__ARM.exidx_start__ == __ARM.exidx_end__) || ((__ARM.exidx_end__ - __FLASH_segment_start__) <= __FLASH_segment_size__)), error: .ARM.exidx is too large to fit in FLASH memory segment)
                0x08000310                        __fast_load_start__ = ALIGN (__ARM.exidx_end__, 0x4)

.fast           0x20000000        0x0 load address 0x08000310
                0x20000000                        __fast_start__ = .
 *(.fast .fast.*)
                0x20000000                        __fast_end__ = (__fast_start__ + SIZEOF (.fast))
                0x00000000                        __fast_size__ = SIZEOF (.fast)
                0x08000310                        __fast_load_end__ = (__fast_load_start__ + SIZEOF (.fast))
                0x00000001                        . = ASSERT (((__fast_load_start__ == __fast_load_end__) || ((__fast_load_end__ - __FLASH_segment_start__) <= __FLASH_segment_size__)), error: .fast is too large to fit in FLASH memory segment)

.fast_run       0x20000000        0x0
                0x20000000                        __fast_run_start__ = .
                0x20000000                        __fast_run_end__ = (__fast_run_start__ + SIZEOF (.fast))
                0x00000000                        __fast_run_size__ = (__fast_run_end__ - __fast_run_start__)
                0x20000000                        __fast_run_load_end__ = __fast_run_end__
                0x00000001                        . = ASSERT (((__fast_run_start__ == __fast_run_end__) || ((__fast_run_end__ - __RAM_segment_start__) <= __RAM_segment_size__)), error: .fast_run is too large to fit in RAM memory segment)
                0x08000310                        __data_load_start__ = ALIGN ((__fast_load_start__ + SIZEOF (.fast)), 0x4)

.data           0x20000000        0x0 load address 0x08000310
                0x20000000                        __data_start__ = .
 *(.data .data.* .gnu.linkonce.d.*)
                0x20000000                        __data_end__ = (__data_start__ + SIZEOF (.data))
                0x00000000                        __data_size__ = SIZEOF (.data)
                0x08000310                        __data_load_end__ = (__data_load_start__ + SIZEOF (.data))

.igot.plt       0x00000000        0x0
 .igot.plt      0x00000000        0x0 discover_project THUMB Debug/main.o
                0x00000001                        . = ASSERT (((__data_load_start__ == __data_load_end__) || ((__data_load_end__ - __FLASH_segment_start__) <= __FLASH_segment_size__)), error: .data is too large to fit in FLASH memory segment)

.data_run       0x20000000        0x0
                0x20000000                        __data_run_start__ = .
                0x20000000                        __data_run_end__ = (__data_run_start__ + SIZEOF (.data))
                0x00000000                        __data_run_size__ = (__data_run_end__ - __data_run_start__)
                0x20000000                        __data_run_load_end__ = __data_run_end__
                0x00000001                        . = ASSERT (((__data_run_start__ == __data_run_end__) || ((__data_run_end__ - __RAM_segment_start__) <= __RAM_segment_size__)), error: .data_run is too large to fit in RAM memory segment)
                0x20000000                        __bss_load_start__ = ALIGN (__data_run_end__, 0x4)

.bss            0x20000000        0x0
                0x20000000                        __bss_start__ = .
 *(.bss .bss.* .gnu.linkonce.b.*)
 *(COMMON)
                0x20000000                        __bss_end__ = (__bss_start__ + SIZEOF (.bss))
                0x00000000                        __bss_size__ = SIZEOF (.bss)
                0x20000000                        __bss_load_end__ = __bss_end__
                0x00000001                        . = ASSERT (((__bss_start__ == __bss_end__) || ((__bss_end__ - __RAM_segment_start__) <= __RAM_segment_size__)), error: .bss is too large to fit in RAM memory segment)
                0x20000000                        __tbss_load_start__ = ALIGN (__bss_end__, 0x4)

.tbss           0x20000000        0x0
                0x20000000                        __tbss_start__ = .
 *(.tbss .tbss.*)
                0x20000000                        __tbss_end__ = (__tbss_start__ + SIZEOF (.tbss))
                0x00000000                        __tbss_size__ = SIZEOF (.tbss)
                0x20000000                        __tbss_load_end__ = __tbss_end__
                0x00000001                        . = ASSERT (((__tbss_start__ == __tbss_end__) || ((__tbss_end__ - __RAM_segment_start__) <= __RAM_segment_size__)), error: .tbss is too large to fit in RAM memory segment)
                0x08000310                        __tdata_load_start__ = ALIGN ((__data_load_start__ + SIZEOF (.data)), 0x4)

.tdata          0x20000000        0x0 load address 0x08000310
                0x20000000                        __tdata_start__ = .
 *(.tdata .tdata.*)
                0x20000000                        __tdata_end__ = (__tdata_start__ + SIZEOF (.tdata))
                0x00000000                        __tdata_size__ = SIZEOF (.tdata)
                0x08000310                        __tdata_load_end__ = (__tdata_load_start__ + SIZEOF (.tdata))
                0x08000310                        __FLASH_segment_used_end__ = (ALIGN ((__data_load_start__ + SIZEOF (.data)), 0x4) + SIZEOF (.tdata))
                0x00000310                        __FLASH_segment_used_size__ = (__FLASH_segment_used_end__ - __FLASH_segment_start__)
                0x00000001                        . = ASSERT (((__tdata_load_start__ == __tdata_load_end__) || ((__tdata_load_end__ - __FLASH_segment_start__) <= __FLASH_segment_size__)), error: .tdata is too large to fit in FLASH memory segment)

.tdata_run      0x20000000        0x0
                0x20000000                        __tdata_run_start__ = .
                0x20000000                        __tdata_run_end__ = (__tdata_run_start__ + SIZEOF (.tdata))
                0x00000000                        __tdata_run_size__ = (__tdata_run_end__ - __tdata_run_start__)
                0x20000000                        __tdata_run_load_end__ = __tdata_run_end__
                0x00000001                        . = ASSERT (((__tdata_run_start__ == __tdata_run_end__) || ((__tdata_run_end__ - __RAM_segment_start__) <= __RAM_segment_size__)), error: .tdata_run is too large to fit in RAM memory segment)
                0x20000000                        __non_init_load_start__ = ALIGN (__tdata_run_end__, 0x4)

.non_init       0x20000000        0x0
                0x20000000                        __non_init_start__ = .
 *(.non_init .non_init.*)
                0x20000000                        __non_init_end__ = (__non_init_start__ + SIZEOF (.non_init))
                0x00000000                        __non_init_size__ = SIZEOF (.non_init)
                0x20000000                        __non_init_load_end__ = __non_init_end__
                0x00000001                        . = ASSERT (((__non_init_start__ == __non_init_end__) || ((__non_init_end__ - __RAM_segment_start__) <= __RAM_segment_size__)), error: .non_init is too large to fit in RAM memory segment)
                0x20000000                        __noinit_load_start__ = ALIGN (__non_init_end__, 0x4)

.noinit         0x20000000        0x0
                0x20000000                        __noinit_start__ = .
 *(.noinit .noinit.*)
                0x20000000                        __noinit_end__ = (__noinit_start__ + SIZEOF (.noinit))
                0x00000000                        __noinit_size__ = SIZEOF (.noinit)
                0x20000000                        __noinit_load_end__ = __noinit_end__
                0x00000001                        . = ASSERT (((__noinit_start__ == __noinit_end__) || ((__noinit_end__ - __RAM_segment_start__) <= __RAM_segment_size__)), error: .noinit is too large to fit in RAM memory segment)
                0x20000000                        __heap_load_start__ = ALIGN (__noinit_end__, 0x8)

.heap           0x20000000       0x80
                0x20000000                        __heap_start__ = .
 *(.heap .heap.*)
                0x20000080                        . = ALIGN (MAX ((__heap_start__ + __HEAPSIZE__), .), 0x8)
 *fill*         0x20000000       0x80 
                0x20000080                        __heap_end__ = (__heap_start__ + SIZEOF (.heap))
                0x00000080                        __heap_size__ = SIZEOF (.heap)
                0x20000080                        __heap_load_end__ = __heap_end__
                0x00000001                        . = ASSERT (((__heap_start__ == __heap_end__) || ((__heap_end__ - __RAM_segment_start__) <= __RAM_segment_size__)), error: .heap is too large to fit in RAM memory segment)
                0x00000001                        . = ASSERT ((__HEAPSIZE__ == ALIGN (__HEAPSIZE__, 0x8)), error: .heap section size does not match alignment)
                0x00000001                        . = ASSERT ((__heap_size__ <= __HEAPSIZE__), error: .heap section is larger than specified size)
                0x20000080                        __stack_load_start__ = ALIGN (__heap_end__, 0x8)

.stack          0x20000080      0x100
                0x20000080                        __stack_start__ = .
 *(.stack .stack.*)
                0x20000180                        . = ALIGN (MAX ((__stack_start__ + __STACKSIZE__), .), 0x8)
 *fill*         0x20000080      0x100 
                0x20000180                        __stack_end__ = (__stack_start__ + SIZEOF (.stack))
                0x00000100                        __stack_size__ = SIZEOF (.stack)
                0x20000180                        __stack_load_end__ = __stack_end__
                0x00000001                        . = ASSERT (((__stack_start__ == __stack_end__) || ((__stack_end__ - __RAM_segment_start__) <= __RAM_segment_size__)), error: .stack is too large to fit in RAM memory segment)
                0x00000001                        . = ASSERT ((__STACKSIZE__ == ALIGN (__STACKSIZE__, 0x8)), error: .stack section size does not match alignment)
                0x00000001                        . = ASSERT ((__stack_size__ <= __STACKSIZE__), error: .stack section is larger than specified size)
                0x20000180                        __stack_process_load_start__ = ALIGN (__stack_end__, 0x8)

.stack_process  0x20000180        0x0
                0x20000180                        __stack_process_start__ = .
 *(.stack_process .stack_process.*)
                0x20000180                        . = ALIGN (MAX ((__stack_process_start__ + __STACKSIZE_PROCESS__), .), 0x8)
                0x20000180                        __stack_process_end__ = (__stack_process_start__ + SIZEOF (.stack_process))
                0x00000000                        __stack_process_size__ = SIZEOF (.stack_process)
                0x20000180                        __stack_process_load_end__ = __stack_process_end__
                0x20000180                        __RAM_segment_used_end__ = (ALIGN (__stack_end__, 0x8) + SIZEOF (.stack_process))
                0x00000180                        __RAM_segment_used_size__ = (__RAM_segment_used_end__ - __RAM_segment_start__)
                0x00000001                        . = ASSERT (((__stack_process_start__ == __stack_process_end__) || ((__stack_process_end__ - __RAM_segment_start__) <= __RAM_segment_size__)), error: .stack_process is too large to fit in RAM memory segment)
                0x00000001                        . = ASSERT ((__STACKSIZE_PROCESS__ == ALIGN (__STACKSIZE_PROCESS__, 0x8)), error: .stack_process section size does not match alignment)
                0x00000001                        . = ASSERT ((__stack_process_size__ <= __STACKSIZE_PROCESS__), error: .stack_process section is larger than specified size)
                0x00000100                        __STACKSIZE__ = 0x100
                0x00000000                        __STACKSIZE_PROCESS__ = 0x0
                0x00000000                        __STACKSIZE_IRQ__ = 0x0
                0x00000000                        __STACKSIZE_FIQ__ = 0x0
                0x00000000                        __STACKSIZE_SVC__ = 0x0
                0x00000000                        __STACKSIZE_ABT__ = 0x0
                0x00000000                        __STACKSIZE_UND__ = 0x0
                0x00000080                        __HEAPSIZE__ = 0x80
                0x00000000                        __do_debug_operation = __do_debug_operation_mempoll
                0x00000000                        __vfprintf = __vfprintf_float_long_long
                0x00000000                        __vfscanf = __vfscanf_float_long_long_cc
START GROUP
LOAD discover_project THUMB Debug/main.o
LOAD discover_project THUMB Debug/STM32_Startup.o
LOAD discover_project THUMB Debug/thumb_crt0.o
LOAD /usr/share/crossworks_for_arm_5.1/lib/libm_v6m_t_le_eabi.a
LOAD /usr/share/crossworks_for_arm_5.1/lib/libc_v6m_t_le_eabi.a
LOAD /usr/share/crossworks_for_arm_5.1/lib/libdebugio_v6m_t_le_eabi.a
END GROUP
OUTPUT(/home/avr1/Documents/CrossWorks Projects/discover_project/discover_project THUMB Debug/discover_project.elf elf32-littlearm)
LOAD linker stubs

.debug_info     0x00000000      0x27c
 .debug_info    0x00000000      0x237 discover_project THUMB Debug/main.o
 .debug_info    0x00000237       0x23 discover_project THUMB Debug/STM32_Startup.o
 .debug_info    0x0000025a       0x22 discover_project THUMB Debug/thumb_crt0.o

.debug_abbrev   0x00000000      0x138
 .debug_abbrev  0x00000000      0x112 discover_project THUMB Debug/main.o
 .debug_abbrev  0x00000112       0x14 discover_project THUMB Debug/STM32_Startup.o
 .debug_abbrev  0x00000126       0x12 discover_project THUMB Debug/thumb_crt0.o

.debug_pubnames
                0x00000000       0x25
 .debug_pubnames
                0x00000000       0x25 discover_project THUMB Debug/main.o

.debug_pubtypes
                0x00000000       0xcd
 .debug_pubtypes
                0x00000000       0xcd discover_project THUMB Debug/main.o

.debug_aranges  0x00000000       0xa0
 .debug_aranges
                0x00000000       0x28 discover_project THUMB Debug/main.o
 .debug_aranges
                0x00000028       0x20 discover_project THUMB Debug/STM32_Startup.o
 .debug_aranges
                0x00000048       0x58 discover_project THUMB Debug/thumb_crt0.o

.debug_ranges   0x00000000       0x68
 .debug_ranges  0x00000000       0x18 discover_project THUMB Debug/main.o
 .debug_ranges  0x00000018       0x50 discover_project THUMB Debug/thumb_crt0.o

.debug_macro    0x00000000     0x812f
 .debug_macro   0x00000000       0x62 discover_project THUMB Debug/main.o
 .debug_macro   0x00000062      0xb3e discover_project THUMB Debug/main.o
 .debug_macro   0x00000ba0       0x22 discover_project THUMB Debug/main.o
 .debug_macro   0x00000bc2      0x18d discover_project THUMB Debug/main.o
 .debug_macro   0x00000d4f       0x1c discover_project THUMB Debug/main.o
 .debug_macro   0x00000d6b       0x22 discover_project THUMB Debug/main.o
 .debug_macro   0x00000d8d       0xca discover_project THUMB Debug/main.o
 .debug_macro   0x00000e57      0x391 discover_project THUMB Debug/main.o
 .debug_macro   0x000011e8     0x6f47 discover_project THUMB Debug/main.o

.debug_line     0x00000000      0x485
 .debug_line    0x00000000      0x227 discover_project THUMB Debug/main.o
 .debug_line    0x00000227       0xde discover_project THUMB Debug/STM32_Startup.o
 .debug_line    0x00000305      0x180 discover_project THUMB Debug/thumb_crt0.o

.debug_str      0x00000000    0x2b8a2
 .debug_str     0x00000000    0x2b8a2 discover_project THUMB Debug/main.o
                              0x2b864 (size before relaxing)
 .debug_str     0x0002b8a2       0xab discover_project THUMB Debug/STM32_Startup.o
 .debug_str     0x0002b8a2       0x7e discover_project THUMB Debug/thumb_crt0.o

.comment        0x00000000       0x3d
 .comment       0x00000000       0x3d discover_project THUMB Debug/main.o
                                 0x3e (size before relaxing)

.ARM.attributes
                0x00000000       0x2c
 .ARM.attributes
                0x00000000       0x2e discover_project THUMB Debug/main.o
 .ARM.attributes
                0x0000002e       0x1b discover_project THUMB Debug/STM32_Startup.o
 .ARM.attributes
                0x00000049       0x1b discover_project THUMB Debug/thumb_crt0.o

.debug_frame    0x00000000       0x3c
 .debug_frame   0x00000000       0x3c discover_project THUMB Debug/main.o
